// Jest Snapshot v1, https://goo.gl/fbAQLP

exports[`App component matches snapshot 1`] = `
<DocumentFragment>
  <div
    data-testid="header"
  >
    HeaderMock
  </div>
  <div
    data-testid="routes"
  >
    RoutesMock
  </div>
</DocumentFragment>
`;
